{
  "version": "1.5.0",
  "plugins_used": [
    {
      "name": "ArtifactoryDetector"
    },
    {
      "name": "AWSKeyDetector"
    },
    {
      "name": "AzureStorageKeyDetector"
    },
    {
      "name": "Base64HighEntropyString",
      "limit": 4.5
    },
    {
      "name": "BasicAuthDetector"
    },
    {
      "name": "CloudantDetector"
    },
    {
      "name": "DiscordBotTokenDetector"
    },
    {
      "name": "GitHubTokenDetector"
    },
    {
      "name": "GitLabTokenDetector"
    },
    {
      "name": "HexHighEntropyString",
      "limit": 3.0
    },
    {
      "name": "IbmCloudIamDetector"
    },
    {
      "name": "IbmCosHmacDetector"
    },
    {
      "name": "IPPublicDetector"
    },
    {
      "name": "JwtTokenDetector"
    },
    {
      "name": "KeywordDetector",
      "keyword_exclude": ""
    },
    {
      "name": "MailchimpDetector"
    },
    {
      "name": "NpmDetector"
    },
    {
      "name": "OpenAIDetector"
    },
    {
      "name": "PrivateKeyDetector"
    },
    {
      "name": "PypiTokenDetector"
    },
    {
      "name": "SendGridDetector"
    },
    {
      "name": "SlackDetector"
    },
    {
      "name": "SoftlayerDetector"
    },
    {
      "name": "SquareOAuthDetector"
    },
    {
      "name": "StripeDetector"
    },
    {
      "name": "TelegramBotTokenDetector"
    },
    {
      "name": "TwilioKeyDetector"
    }
  ],
  "filters_used": [
    {
      "path": "detect_secrets.filters.allowlist.is_line_allowlisted"
    },
    {
      "path": "detect_secrets.filters.common.is_baseline_file",
      "filename": ".secrets.baseline"
    },
    {
      "path": "detect_secrets.filters.common.is_ignored_due_to_verification_policies",
      "min_level": 2
    },
    {
      "path": "detect_secrets.filters.heuristic.is_indirect_reference"
    },
    {
      "path": "detect_secrets.filters.heuristic.is_likely_id_string"
    },
    {
      "path": "detect_secrets.filters.heuristic.is_lock_file"
    },
    {
      "path": "detect_secrets.filters.heuristic.is_not_alphanumeric_string"
    },
    {
      "path": "detect_secrets.filters.heuristic.is_potential_uuid"
    },
    {
      "path": "detect_secrets.filters.heuristic.is_prefixed_with_dollar_sign"
    },
    {
      "path": "detect_secrets.filters.heuristic.is_sequential_string"
    },
    {
      "path": "detect_secrets.filters.heuristic.is_swagger_file"
    },
    {
      "path": "detect_secrets.filters.heuristic.is_templated_secret"
    }
  ],
  "results": {
    "scripts\\generate_docker_compose.py": [
      {
        "type": "Basic Auth Credentials",
        "filename": "scripts\\generate_docker_compose.py",
        "hashed_secret": "ebd737da1c9aa00c97e192a0aa7eb489397dcfe5",
        "is_verified": false,
        "line_number": 144
      }
    ],
    "scripts\\scaffold_pi01_services.py": [
      {
        "type": "Basic Auth Credentials",
        "filename": "scripts\\scaffold_pi01_services.py",
        "hashed_secret": "112bb791304791ddcf692e29fd5cf149b35fea37",
        "is_verified": false,
        "line_number": 209
      }
    ],
    "src\\platform\\orchestrator\\.env.example": [
      {
        "type": "Basic Auth Credentials",
        "filename": "src\\platform\\orchestrator\\.env.example",
        "hashed_secret": "112bb791304791ddcf692e29fd5cf149b35fea37",
        "is_verified": false,
        "line_number": 8
      }
    ],
    "src\\platform\\registry\\agent-registry\\.env.example": [
      {
        "type": "Basic Auth Credentials",
        "filename": "src\\platform\\registry\\agent-registry\\.env.example",
        "hashed_secret": "112bb791304791ddcf692e29fd5cf149b35fea37",
        "is_verified": false,
        "line_number": 8
      }
    ],
    "src\\platform\\registry\\model-router\\.env.example": [
      {
        "type": "Basic Auth Credentials",
        "filename": "src\\platform\\registry\\model-router\\.env.example",
        "hashed_secret": "112bb791304791ddcf692e29fd5cf149b35fea37",
        "is_verified": false,
        "line_number": 8
      }
    ],
    "src\\platform\\registry\\tool-registry\\.env.example": [
      {
        "type": "Basic Auth Credentials",
        "filename": "src\\platform\\registry\\tool-registry\\.env.example",
        "hashed_secret": "112bb791304791ddcf692e29fd5cf149b35fea37",
        "is_verified": false,
        "line_number": 8
      }
    ],
    "src\\platform\\runtime\\.env.example": [
      {
        "type": "Basic Auth Credentials",
        "filename": "src\\platform\\runtime\\.env.example",
        "hashed_secret": "112bb791304791ddcf692e29fd5cf149b35fea37",
        "is_verified": false,
        "line_number": 8
      }
    ],
    "src\\platform\\services\\approval-service\\.env.example": [
      {
        "type": "Basic Auth Credentials",
        "filename": "src\\platform\\services\\approval-service\\.env.example",
        "hashed_secret": "112bb791304791ddcf692e29fd5cf149b35fea37",
        "is_verified": false,
        "line_number": 8
      }
    ],
    "src\\platform\\services\\audit-service\\.env.example": [
      {
        "type": "Basic Auth Credentials",
        "filename": "src\\platform\\services\\audit-service\\.env.example",
        "hashed_secret": "112bb791304791ddcf692e29fd5cf149b35fea37",
        "is_verified": false,
        "line_number": 8
      }
    ],
    "src\\platform\\services\\auth-service\\.env.example": [
      {
        "type": "Basic Auth Credentials",
        "filename": "src\\platform\\services\\auth-service\\.env.example",
        "hashed_secret": "112bb791304791ddcf692e29fd5cf149b35fea37",
        "is_verified": false,
        "line_number": 8
      }
    ],
    "src\\platform\\services\\config-service\\.env.example": [
      {
        "type": "Basic Auth Credentials",
        "filename": "src\\platform\\services\\config-service\\.env.example",
        "hashed_secret": "112bb791304791ddcf692e29fd5cf149b35fea37",
        "is_verified": false,
        "line_number": 8
      }
    ],
    "src\\platform\\services\\memory-service\\.env.example": [
      {
        "type": "Basic Auth Credentials",
        "filename": "src\\platform\\services\\memory-service\\.env.example",
        "hashed_secret": "112bb791304791ddcf692e29fd5cf149b35fea37",
        "is_verified": false,
        "line_number": 8
      }
    ],
    "src\\platform\\services\\policy-engine\\.env.example": [
      {
        "type": "Basic Auth Credentials",
        "filename": "src\\platform\\services\\policy-engine\\.env.example",
        "hashed_secret": "112bb791304791ddcf692e29fd5cf149b35fea37",
        "is_verified": false,
        "line_number": 8
      }
    ],
    "src\\platform\\services\\rbac-service\\.env.example": [
      {
        "type": "Basic Auth Credentials",
        "filename": "src\\platform\\services\\rbac-service\\.env.example",
        "hashed_secret": "112bb791304791ddcf692e29fd5cf149b35fea37",
        "is_verified": false,
        "line_number": 8
      }
    ],
    "src\\platform\\services\\secrets-service\\.env.example": [
      {
        "type": "Basic Auth Credentials",
        "filename": "src\\platform\\services\\secrets-service\\.env.example",
        "hashed_secret": "112bb791304791ddcf692e29fd5cf149b35fea37",
        "is_verified": false,
        "line_number": 8
      }
    ],
    "src\\platform\\task\\.env.example": [
      {
        "type": "Basic Auth Credentials",
        "filename": "src\\platform\\task\\.env.example",
        "hashed_secret": "112bb791304791ddcf692e29fd5cf149b35fea37",
        "is_verified": false,
        "line_number": 8
      }
    ],
    "src\\platform\\workflow\\.env.example": [
      {
        "type": "Basic Auth Credentials",
        "filename": "src\\platform\\workflow\\.env.example",
        "hashed_secret": "112bb791304791ddcf692e29fd5cf149b35fea37",
        "is_verified": false,
        "line_number": 8
      }
    ],
    "src\\tests\\unit\\test_aep_common_dependencies.py": [
      {
        "type": "Basic Auth Credentials",
        "filename": "src\\tests\\unit\\test_aep_common_dependencies.py",
        "hashed_secret": "ebd737da1c9aa00c97e192a0aa7eb489397dcfe5",
        "is_verified": false,
        "line_number": 26
      }
    ]
  },
  "generated_at": "2026-06-29T17:04:02Z"
}
